ru/onlinesim/response/get_user/Balance.class
ru/onlinesim/response/get_numbers/Country.class
ru/onlinesim/apis/GetProxy.class
ru/onlinesim/response/get_rent/Tariff.class
ru/onlinesim/response/get_proxy/TariffTraffic.class
ru/onlinesim/response/get_numbers/Tariff.class
ru/onlinesim/apis/GetRent.class
ru/onlinesim/response/get_free/Message.class
ru/onlinesim/response/get_proxy/TariffTrafficConfig.class
ru/onlinesim/transport/HttpTransport.class
ru/onlinesim/transport/TransportException.class
ru/onlinesim/response/get_numbers/NumberItem.class
ru/onlinesim/transport/AbstractHttpTransport.class
ru/onlinesim/response/get_numbers/NumberItemMessage.class
ru/onlinesim/response/get_user/Payment.class
ru/onlinesim/transport/RawClient.class
ru/onlinesim/exceptions/OperationException.class
ru/onlinesim/apis/JSONToNumber.class
ru/onlinesim/SingleUrlParameters.class
ru/onlinesim/apis/GetUser.class
ru/onlinesim/apis/JSONToProxy.class
ru/onlinesim/response/get_free/Number.class
ru/onlinesim/response/get_rent/RentItem.class
ru/onlinesim/exceptions/RequestException.class
ru/onlinesim/transport/MapQuery.class
ru/onlinesim/response/get_proxy/TariffDaysConfig.class
ru/onlinesim/transport/DefaultHttpTransport.class
ru/onlinesim/response/get_rent/RentItemMessage.class
ru/onlinesim/response/get_numbers/Service.class
ru/onlinesim/response/get_user/Profile.class
ru/onlinesim/exceptions/NoNumberException.class
ru/onlinesim/response/get_proxy/Proxy.class
ru/onlinesim/transport/HttpRequest$Builder.class
ru/onlinesim/UrlParameters.class
ru/onlinesim/transport/HttpRequest$1.class
ru/onlinesim/Utils.class
ru/onlinesim/OnlineSimApi.class
ru/onlinesim/response/get_free/Country.class
ru/onlinesim/apis/GetNumbers.class
ru/onlinesim/transport/HttpResponse.class
ru/onlinesim/transport/HttpRequest.class
ru/onlinesim/response/Base.class
ru/onlinesim/exceptions/BaseTypeError.class
ru/onlinesim/response/get_proxy/TariffDays.class
ru/onlinesim/response/get_proxy/Tariff.class
ru/onlinesim/apis/BaseApi.class
ru/onlinesim/response/get_numbers/GetNumResult.class
ru/onlinesim/apis/GetFree.class
